
Attaching package: ‘janitor’

The following objects are masked from ‘package:stats’:

    chisq.test, fisher.test

Loading required package: sf
Linking to GEOS 3.13.0, GDAL 3.8.5, PROJ 9.5.1; sf_use_s2() is TRUE
La documentacion del paquete y ejemplos de uso se encuentran en https://pacha.dev/chilemapas/.
Visita https://buymeacoffee.com/pacha/ si deseas donar para contribuir al desarrollo de este software.
Loading required package: kableExtra

Attaching package: ‘zoo’

The following objects are masked from ‘package:base’:

    as.Date, as.Date.numeric


Attaching package: ‘magrittr’

The following object is masked from ‘package:purrr’:

    set_names

Loading required package: ggplot2

Attaching package: ‘plotly’

The following object is masked from ‘package:ggplot2’:

    last_plot

The following object is masked from ‘package:rio’:

    export

The following object is masked from ‘package:stats’:

    filter

The following object is masked from ‘package:graphics’:

    layout

You can cite this package as:
     Patil, I. (2021). Visualizations with statistical details: The 'ggstatsplot' approach.
     Journal of Open Source Software, 6(61), 3167, doi:10.21105/joss.03167
── Attaching packages ────────────────────────────────────── tidymodels 1.4.1 ──
✔ broom        1.0.13     ✔ rsample      1.3.1 
✔ dials        1.4.2      ✔ tailor       0.1.0 
✔ dplyr        1.2.1      ✔ tidyr        1.3.2 
✔ infer        1.0.9      ✔ tune         2.0.1 
✔ modeldata    1.5.1      ✔ workflows    1.3.0 
✔ parsnip      1.3.3      ✔ workflowsets 1.1.1 
✔ recipes      1.3.1      ✔ yardstick    1.3.2 
── Conflicts ───────────────────────────────────────── tidymodels_conflicts() ──
✖ dplyr::collapse()     masks nlme::collapse()
✖ dplyr::combine()      masks gridExtra::combine()
✖ scales::discard()     masks purrr::discard()
✖ tidyr::extract()      masks magrittr::extract()
✖ dplyr::filter()       masks plotly::filter(), stats::filter()
✖ dplyr::group_rows()   masks kableExtra::group_rows()
✖ dplyr::lag()          masks stats::lag()
✖ magrittr::set_names() masks purrr::set_names()
✖ recipes::step()       masks stats::step()
Loading required package: foreach

Attaching package: ‘foreach’

The following objects are masked from ‘package:purrr’:

    accumulate, when

Loading required package: iterators
Version:  1.39.4
Date:     2024-07-23
Author:   Philip Leifeld (University of Manchester)

Consider submitting praise using the praise or praise_interactive functions.
Please cite the JSS article in your publications -- see citation("texreg").

Attaching package: ‘texreg’

The following object is masked from ‘package:tidyr’:

    extract

The following object is masked from ‘package:magrittr’:

    extract


Attaching package: ‘survival’

The following object is masked from ‘package:future’:

    cluster


Attaching package: ‘survminer’

The following object is masked from ‘package:survival’:

    myeloma


Attaching package: ‘data.table’

The following object is masked from ‘package:tictoc’:

    shift

The following objects are masked from ‘package:dplyr’:

    between, first, last

The following objects are masked from ‘package:zoo’:

    yearmon, yearqtr

The following object is masked from ‘package:purrr’:

    transpose

This is dlnm 2.4.10. For details: help(dlnm) and vignette('dlnmOverview').
This is mgcv 1.9-3. For overview type 'help("mgcv-package")'.
Time Series Modeling for Air Pollution and Health (0.6-2)
Loading required package: drgee
Loading required package: stdReg
Loading required package: ivtools

Attaching package: ‘svMisc’

The following object is masked from ‘package:utils’:

    ?

Registered S3 method overwritten by 'quantmod':
  method            from
  as.zoo.data.frame zoo 

Attaching package: ‘imputeTS’

The following object is masked from ‘package:zoo’:

    na.locf

Loading required package: metabook
Loading required package: metadat
Registered S3 method overwritten by 'lme4':
  method           from
  na.action.merMod car 
Loading 'meta' package (version 8.3-0).
Type 'help(meta)' for a brief overview.

Attaching package: ‘MASS’

The following object is masked from ‘package:dplyr’:

    select

The following object is masked from ‘package:plotly’:

    select

The following object is masked from ‘package:patchwork’:

    area

── Attaching core tidyverse packages ──────────────────────── tidyverse 2.0.0 ──
✔ forcats   1.0.1     ✔ stringr   1.6.0
✔ lubridate 1.9.4     ✔ tibble    3.3.1
✔ readr     2.2.0     
── Conflicts ────────────────────────────────────────── tidyverse_conflicts() ──
✖ foreach::accumulate()   masks purrr::accumulate()
✖ data.table::between()   masks dplyr::between()
✖ readr::col_factor()     masks scales::col_factor()
✖ dplyr::collapse()       masks nlme::collapse()
✖ dplyr::combine()        masks gridExtra::combine()
✖ scales::discard()       masks purrr::discard()
✖ texreg::extract()       masks tidyr::extract(), magrittr::extract()
✖ dplyr::filter()         masks plotly::filter(), stats::filter()
✖ data.table::first()     masks dplyr::first()
✖ stringr::fixed()        masks recipes::fixed()
✖ dplyr::group_rows()     masks kableExtra::group_rows()
✖ lubridate::hour()       masks data.table::hour()
✖ lubridate::isoweek()    masks data.table::isoweek()
✖ lubridate::isoyear()    masks data.table::isoyear()
✖ dplyr::lag()            masks stats::lag()
✖ data.table::last()      masks dplyr::last()
✖ lubridate::mday()       masks data.table::mday()
✖ lubridate::minute()     masks data.table::minute()
✖ lubridate::month()      masks data.table::month()
✖ lubridate::quarter()    masks data.table::quarter()
✖ lubridate::second()     masks data.table::second()
✖ MASS::select()          masks dplyr::select(), plotly::select()
✖ magrittr::set_names()   masks purrr::set_names()
✖ readr::spec()           masks yardstick::spec()
✖ data.table::transpose() masks purrr::transpose()
✖ lubridate::wday()       masks data.table::wday()
✖ lubridate::week()       masks data.table::week()
✖ foreach::when()         masks purrr::when()
✖ lubridate::yday()       masks data.table::yday()
✖ lubridate::year()       masks data.table::year()
ℹ Use the conflicted package (<http://conflicted.r-lib.org/>) to force all conflicts to become errors

Attaching package: ‘rlang’

The following object is masked from ‘package:data.table’:

    :=

The following object is masked from ‘package:magrittr’:

    set_names

The following objects are masked from ‘package:purrr’:

    flatten, flatten_chr, flatten_dbl, flatten_int, flatten_lgl,
    flatten_raw, invoke, splice

Warning message:
Missing `trust` will be set to FALSE by default for RData in 2.0.0. 
